
> my-app@0.1.0 build
> next build

Γû▓ Next.js 16.1.6 (Turbopack)
- Environments: .env

  Creating an optimized production build ...
Γ£ô Compiled successfully in 21.7s
  Running TypeScript ...
node.exe : Failed to compile.
At C:\Program Files\nodejs\npm.ps1:29 char:3
+   & $NODE_EXE $NPM_CLI_JS $args
+   ~~~~~~~~~~~~~~~~~~~~~~~~~~~~~
    + CategoryInfo          : NotSpecified: (Failed to compile. 
   :String) [], RemoteException
    + FullyQualifiedErrorId : NativeCommandError
 

./src/components/ProductList.tsx:143:44
Type error: Type 'SubProduct' is not assignable to type 
'string'.

[0m [90m 141 |[39m               [33m<[39m[33mdiv[39m 
className[33m=[39m{cn([32m"flex items-center gap-4 
px-2"[39m[33m,[39m visibleColumns[33m.[39mlength 
[33m===[39m [35m1[39m [33m?[39m [32m"w-full"[39m 
[33m:[39m [32m"w-full md:w-[28%]"[39m)}[33m>[39m
 [90m 142 |[39m                 [33m<[39m[33mdiv[39m 
className[33m=[39m[32m"w-16 h-16 bg-white/5 rounded-2xl 
overflow-hidden shrink-0 border border-white/10"[39m[33m>[39m
[31m[1m>[22m[39m[90m 143 |[39m                   
[33m<[39m[33mimg[39m 
src[33m=[39m{product[33m.[39mimage} 
alt[33m=[39m{product[33m.[39mname} 
className[33m=[39m[32m"w-full h-full object-cover grayscale 
hover:grayscale-0 transition-all duration-500"[39m 
referrerPolicy[33m=[39m[32m"no-referrer"[39m 
[33m/[39m[33m>[39m
 [90m     |[39m                                            
[31m[1m^[22m[39m
 [90m 144 |[39m                 
[33m<[39m[33m/[39m[33mdiv[39m[33m>[39m
 [90m 145 |[39m                 [33m<[39m[33mdiv[39m 
className[33m=[39m[32m"flex flex-col"[39m[33m>[39m
 [90m 146 |[39m                   [33m<[39m[33mh3[39m 
className[33m=[39m[32m"font-bold text-white text-base"[39m[
33m>[39m{product[33m.[39mname}[33m<[39m[33m/[39m[33mh3[
39m[33m>[39m[0m
Next.js build worker exited with code: 1 and signal: null
